// Jest Snapshot v1, https://goo.gl/fbAQLP

exports[`snapshot theme 1`] = `
Object {
  "breakpoints": Object {
    "md": "768px",
    "sm": "576px",
  },
  "palette": Object {
    "black": "#000000",
    "black10": "rgba(0,0,0,0.1)",
    "black20": "rgba(0,0,0,0.2)",
    "red": "#FF5656",
    "white": "#ffffff",
  },
}
`;
